Archive member included because of file (symbol)

/usr/lib/gcc/avr/4.8.2/avr51/libgcc.a(_exit.o)
                              /usr/lib/gcc/avr/4.8.2/../../../avr/lib/avr51/crtm128.o (exit)
/usr/lib/gcc/avr/4.8.2/../../../avr/lib/avr51/libm.a(cmpsf2.o)
                              ./main.o (__ltsf2)
/usr/lib/gcc/avr/4.8.2/../../../avr/lib/avr51/libm.a(fixunssfsi.o)
                              ./main.o (__fixunssfsi)
/usr/lib/gcc/avr/4.8.2/../../../avr/lib/avr51/libm.a(fp_cmp.o)
                              /usr/lib/gcc/avr/4.8.2/../../../avr/lib/avr51/libm.a(cmpsf2.o) (__fp_cmp)
/usr/lib/gcc/avr/4.8.2/../../../avr/lib/avr51/libm.a(fp_split3.o)
                              /usr/lib/gcc/avr/4.8.2/../../../avr/lib/avr51/libm.a(fixunssfsi.o) (__fp_splitA)
/usr/lib/gcc/avr/4.8.2/../../../avr/lib/avr51/libm.a(fp_zero.o)
                              /usr/lib/gcc/avr/4.8.2/../../../avr/lib/avr51/libm.a(fixunssfsi.o) (__fp_zero)
/usr/lib/gcc/avr/4.8.2/../../../avr/lib/avr51/libm.a(gesf2.o)
                              ./main.o (__gtsf2)
/usr/lib/gcc/avr/4.8.2/../../../avr/lib/avr51/libm.a(mulsf3.o)
                              ./main.o (__mulsf3)
/usr/lib/gcc/avr/4.8.2/../../../avr/lib/avr51/libm.a(mulsf3x.o)
                              /usr/lib/gcc/avr/4.8.2/../../../avr/lib/avr51/libm.a(mulsf3.o) (__mulsf3x)
/usr/lib/gcc/avr/4.8.2/../../../avr/lib/avr51/libm.a(fp_inf.o)
                              /usr/lib/gcc/avr/4.8.2/../../../avr/lib/avr51/libm.a(mulsf3x.o) (__fp_inf)
/usr/lib/gcc/avr/4.8.2/../../../avr/lib/avr51/libm.a(fp_nan.o)
                              /usr/lib/gcc/avr/4.8.2/../../../avr/lib/avr51/libm.a(mulsf3x.o) (__fp_nan)
/usr/lib/gcc/avr/4.8.2/../../../avr/lib/avr51/libm.a(fp_pscA.o)
                              /usr/lib/gcc/avr/4.8.2/../../../avr/lib/avr51/libm.a(mulsf3x.o) (__fp_pscA)
/usr/lib/gcc/avr/4.8.2/../../../avr/lib/avr51/libm.a(fp_pscB.o)
                              /usr/lib/gcc/avr/4.8.2/../../../avr/lib/avr51/libm.a(mulsf3x.o) (__fp_pscB)
/usr/lib/gcc/avr/4.8.2/../../../avr/lib/avr51/libm.a(fp_round.o)
                              /usr/lib/gcc/avr/4.8.2/../../../avr/lib/avr51/libm.a(mulsf3.o) (__fp_round)

Memory Configuration

Name             Origin             Length             Attributes
text             0x0000000000000000 0x0000000000020000 xr
data             0x0000000000800100 0x000000000000ff00 rw !x
eeprom           0x0000000000810000 0x0000000000010000 rw !x
fuse             0x0000000000820000 0x0000000000000400 rw !x
lock             0x0000000000830000 0x0000000000000400 rw !x
signature        0x0000000000840000 0x0000000000000400 rw !x
user_signatures  0x0000000000850000 0x0000000000000400 rw !x
*default*        0x0000000000000000 0xffffffffffffffff

Linker script and memory map

Address of section .data set to 0x800100
LOAD /usr/lib/gcc/avr/4.8.2/../../../avr/lib/avr51/crtm128.o
LOAD ./main.o
START GROUP
LOAD /usr/lib/gcc/avr/4.8.2/avr51/libgcc.a
LOAD /usr/lib/gcc/avr/4.8.2/../../../avr/lib/avr51/libm.a
LOAD /usr/lib/gcc/avr/4.8.2/../../../avr/lib/avr51/libc.a
END GROUP

.hash
 *(.hash)

.dynsym
 *(.dynsym)

.dynstr
 *(.dynstr)

.gnu.version
 *(.gnu.version)

.gnu.version_d
 *(.gnu.version_d)

.gnu.version_r
 *(.gnu.version_r)

.rel.init
 *(.rel.init)

.rela.init
 *(.rela.init)

.rel.text
 *(.rel.text)
 *(.rel.text.*)
 *(.rel.gnu.linkonce.t*)

.rela.text
 *(.rela.text)
 *(.rela.text.*)
 *(.rela.gnu.linkonce.t*)

.rel.fini
 *(.rel.fini)

.rela.fini
 *(.rela.fini)

.rel.rodata
 *(.rel.rodata)
 *(.rel.rodata.*)
 *(.rel.gnu.linkonce.r*)

.rela.rodata
 *(.rela.rodata)
 *(.rela.rodata.*)
 *(.rela.gnu.linkonce.r*)

.rel.data
 *(.rel.data)
 *(.rel.data.*)
 *(.rel.gnu.linkonce.d*)

.rela.data
 *(.rela.data)
 *(.rela.data.*)
 *(.rela.gnu.linkonce.d*)

.rel.ctors
 *(.rel.ctors)

.rela.ctors
 *(.rela.ctors)

.rel.dtors
 *(.rel.dtors)

.rela.dtors
 *(.rela.dtors)

.rel.got
 *(.rel.got)

.rela.got
 *(.rela.got)

.rel.bss
 *(.rel.bss)

.rela.bss
 *(.rela.bss)

.rel.plt
 *(.rel.plt)

.rela.plt
 *(.rela.plt)

.text           0x0000000000000000      0x698
 *(.vectors)
 .vectors       0x0000000000000000       0x8c /usr/lib/gcc/avr/4.8.2/../../../avr/lib/avr51/crtm128.o
                0x0000000000000000                __vectors
                0x0000000000000000                __vector_default
 *(.vectors)
 *(.progmem.gcc*)
 *(.progmem*)
                0x000000000000008c                . = ALIGN (0x2)
                0x000000000000008c                __trampolines_start = .
 *(.trampolines)
 .trampolines   0x000000000000008c        0x0 linker stubs
 *(.trampolines*)
                0x000000000000008c                __trampolines_end = .
 *(.jumptables)
 *(.jumptables*)
 *(.lowtext)
 *(.lowtext*)
                0x000000000000008c                __ctors_start = .
 *(.ctors)
                0x000000000000008c                __ctors_end = .
                0x000000000000008c                __dtors_start = .
 *(.dtors)
                0x000000000000008c                __dtors_end = .
 SORT(*)(.ctors)
 SORT(*)(.dtors)
 *(.init0)
 .init0         0x000000000000008c        0x0 /usr/lib/gcc/avr/4.8.2/../../../avr/lib/avr51/crtm128.o
                0x000000000000008c                __init
 *(.init0)
 *(.init1)
 *(.init1)
 *(.init2)
 .init2         0x000000000000008c        0xc /usr/lib/gcc/avr/4.8.2/../../../avr/lib/avr51/crtm128.o
 *(.init2)
 *(.init3)
 *(.init3)
 *(.init4)
 *(.init4)
 *(.init5)
 *(.init5)
 *(.init6)
 *(.init6)
 *(.init7)
 *(.init7)
 *(.init8)
 *(.init8)
 *(.init9)
 .init9         0x0000000000000098        0x8 /usr/lib/gcc/avr/4.8.2/../../../avr/lib/avr51/crtm128.o
 *(.init9)
 *(.text)
 .text          0x00000000000000a0        0x4 /usr/lib/gcc/avr/4.8.2/../../../avr/lib/avr51/crtm128.o
                0x00000000000000a0                __vector_22
                0x00000000000000a0                __vector_28
                0x00000000000000a0                __vector_1
                0x00000000000000a0                __vector_32
                0x00000000000000a0                __vector_34
                0x00000000000000a0                __vector_24
                0x00000000000000a0                __vector_12
                0x00000000000000a0                __bad_interrupt
                0x00000000000000a0                __vector_6
                0x00000000000000a0                __vector_31
                0x00000000000000a0                __vector_3
                0x00000000000000a0                __vector_23
                0x00000000000000a0                __vector_30
                0x00000000000000a0                __vector_25
                0x00000000000000a0                __vector_11
                0x00000000000000a0                __vector_13
                0x00000000000000a0                __vector_17
                0x00000000000000a0                __vector_19
                0x00000000000000a0                __vector_7
                0x00000000000000a0                __vector_27
                0x00000000000000a0                __vector_5
                0x00000000000000a0                __vector_33
                0x00000000000000a0                __vector_4
                0x00000000000000a0                __vector_9
                0x00000000000000a0                __vector_2
                0x00000000000000a0                __vector_21
                0x00000000000000a0                __vector_15
                0x00000000000000a0                __vector_29
                0x00000000000000a0                __vector_8
                0x00000000000000a0                __vector_26
                0x00000000000000a0                __vector_14
                0x00000000000000a0                __vector_10
                0x00000000000000a0                __vector_16
                0x00000000000000a0                __vector_18
                0x00000000000000a0                __vector_20
 .text          0x00000000000000a4        0x0 ./main.o
 .text          0x00000000000000a4        0x0 /usr/lib/gcc/avr/4.8.2/avr51/libgcc.a(_exit.o)
 .text          0x00000000000000a4        0x0 /usr/lib/gcc/avr/4.8.2/../../../avr/lib/avr51/libm.a(cmpsf2.o)
 .text          0x00000000000000a4        0x0 /usr/lib/gcc/avr/4.8.2/../../../avr/lib/avr51/libm.a(fixunssfsi.o)
 .text          0x00000000000000a4        0x0 /usr/lib/gcc/avr/4.8.2/../../../avr/lib/avr51/libm.a(fp_cmp.o)
 .text          0x00000000000000a4        0x0 /usr/lib/gcc/avr/4.8.2/../../../avr/lib/avr51/libm.a(fp_split3.o)
 .text          0x00000000000000a4        0x0 /usr/lib/gcc/avr/4.8.2/../../../avr/lib/avr51/libm.a(fp_zero.o)
 .text          0x00000000000000a4        0x0 /usr/lib/gcc/avr/4.8.2/../../../avr/lib/avr51/libm.a(gesf2.o)
 .text          0x00000000000000a4        0x0 /usr/lib/gcc/avr/4.8.2/../../../avr/lib/avr51/libm.a(mulsf3.o)
 .text          0x00000000000000a4        0x0 /usr/lib/gcc/avr/4.8.2/../../../avr/lib/avr51/libm.a(mulsf3x.o)
 .text          0x00000000000000a4        0x0 /usr/lib/gcc/avr/4.8.2/../../../avr/lib/avr51/libm.a(fp_inf.o)
 .text          0x00000000000000a4        0x0 /usr/lib/gcc/avr/4.8.2/../../../avr/lib/avr51/libm.a(fp_nan.o)
 .text          0x00000000000000a4        0x0 /usr/lib/gcc/avr/4.8.2/../../../avr/lib/avr51/libm.a(fp_pscA.o)
 .text          0x00000000000000a4        0x0 /usr/lib/gcc/avr/4.8.2/../../../avr/lib/avr51/libm.a(fp_pscB.o)
 .text          0x00000000000000a4        0x0 /usr/lib/gcc/avr/4.8.2/../../../avr/lib/avr51/libm.a(fp_round.o)
                0x00000000000000a4                . = ALIGN (0x2)
 *(.text.*)
 .text.main     0x00000000000000a4      0x3d8 ./main.o
                0x00000000000000a4                main
 .text.libgcc.mul
                0x000000000000047c        0x0 /usr/lib/gcc/avr/4.8.2/avr51/libgcc.a(_exit.o)
 .text.libgcc.div
                0x000000000000047c        0x0 /usr/lib/gcc/avr/4.8.2/avr51/libgcc.a(_exit.o)
 .text.libgcc   0x000000000000047c        0x0 /usr/lib/gcc/avr/4.8.2/avr51/libgcc.a(_exit.o)
 .text.libgcc.prologue
                0x000000000000047c        0x0 /usr/lib/gcc/avr/4.8.2/avr51/libgcc.a(_exit.o)
 .text.libgcc.builtins
                0x000000000000047c        0x0 /usr/lib/gcc/avr/4.8.2/avr51/libgcc.a(_exit.o)
 .text.libgcc.fmul
                0x000000000000047c        0x0 /usr/lib/gcc/avr/4.8.2/avr51/libgcc.a(_exit.o)
 .text.libgcc.fixed
                0x000000000000047c        0x0 /usr/lib/gcc/avr/4.8.2/avr51/libgcc.a(_exit.o)
 .text.avr-libc.fplib
                0x000000000000047c        0x8 /usr/lib/gcc/avr/4.8.2/../../../avr/lib/avr51/libm.a(cmpsf2.o)
                0x000000000000047c                __lesf2
                0x000000000000047c                __nesf2
                0x000000000000047c                __eqsf2
                0x000000000000047c                __cmpsf2
                0x000000000000047c                __ltsf2
 .text.avr-libc.fplib
                0x0000000000000484       0x58 /usr/lib/gcc/avr/4.8.2/../../../avr/lib/avr51/libm.a(fixunssfsi.o)
                0x0000000000000484                __fixunssfsi
 .text.avr-libc.fplib
                0x00000000000004dc       0x48 /usr/lib/gcc/avr/4.8.2/../../../avr/lib/avr51/libm.a(fp_cmp.o)
                0x00000000000004dc                __fp_cmp
 .text.avr-libc.fplib
                0x0000000000000524       0x44 /usr/lib/gcc/avr/4.8.2/../../../avr/lib/avr51/libm.a(fp_split3.o)
                0x0000000000000524                __fp_split3
                0x0000000000000534                __fp_splitA
 .text.avr-libc.fplib
                0x0000000000000568        0xe /usr/lib/gcc/avr/4.8.2/../../../avr/lib/avr51/libm.a(fp_zero.o)
                0x0000000000000568                __fp_zero
                0x000000000000056a                __fp_szero
 .text.avr-libc.fplib
                0x0000000000000576        0x8 /usr/lib/gcc/avr/4.8.2/../../../avr/lib/avr51/libm.a(gesf2.o)
                0x0000000000000576                __gtsf2
                0x0000000000000576                __gesf2
 .text.avr-libc.fplib
                0x000000000000057e        0x4 /usr/lib/gcc/avr/4.8.2/../../../avr/lib/avr51/libm.a(mulsf3.o)
                0x000000000000057e                __mulsf3
 .text.avr-libc.fplib
                0x0000000000000582       0xc2 /usr/lib/gcc/avr/4.8.2/../../../avr/lib/avr51/libm.a(mulsf3x.o)
                0x0000000000000596                __mulsf3x
                0x000000000000059a                __mulsf3_pse
 .text.avr-libc.fplib
                0x0000000000000644        0xc /usr/lib/gcc/avr/4.8.2/../../../avr/lib/avr51/libm.a(fp_inf.o)
                0x0000000000000644                __fp_inf
 .text.avr-libc.fplib
                0x0000000000000650        0x6 /usr/lib/gcc/avr/4.8.2/../../../avr/lib/avr51/libm.a(fp_nan.o)
                0x0000000000000650                __fp_nan
 .text.avr-libc.fplib
                0x0000000000000656        0xe /usr/lib/gcc/avr/4.8.2/../../../avr/lib/avr51/libm.a(fp_pscA.o)
                0x0000000000000656                __fp_pscA
 .text.avr-libc.fplib
                0x0000000000000664        0xe /usr/lib/gcc/avr/4.8.2/../../../avr/lib/avr51/libm.a(fp_pscB.o)
                0x0000000000000664                __fp_pscB
 .text.avr-libc.fplib
                0x0000000000000672       0x22 /usr/lib/gcc/avr/4.8.2/../../../avr/lib/avr51/libm.a(fp_round.o)
                0x0000000000000672                __fp_round
                0x0000000000000694                . = ALIGN (0x2)
 *(.fini9)
 .fini9         0x0000000000000694        0x0 /usr/lib/gcc/avr/4.8.2/avr51/libgcc.a(_exit.o)
                0x0000000000000694                exit
                0x0000000000000694                _exit
 *(.fini9)
 *(.fini8)
 *(.fini8)
 *(.fini7)
 *(.fini7)
 *(.fini6)
 *(.fini6)
 *(.fini5)
 *(.fini5)
 *(.fini4)
 *(.fini4)
 *(.fini3)
 *(.fini3)
 *(.fini2)
 *(.fini2)
 *(.fini1)
 *(.fini1)
 *(.fini0)
 .fini0         0x0000000000000694        0x4 /usr/lib/gcc/avr/4.8.2/avr51/libgcc.a(_exit.o)
 *(.fini0)
                0x0000000000000698                _etext = .

.data           0x0000000000800100        0x0 load address 0x0000000000000698
                0x0000000000800100                PROVIDE (__data_start, .)
 *(.data)
 .data          0x0000000000800100        0x0 /usr/lib/gcc/avr/4.8.2/../../../avr/lib/avr51/crtm128.o
 .data          0x0000000000800100        0x0 ./main.o
 .data          0x0000000000800100        0x0 /usr/lib/gcc/avr/4.8.2/avr51/libgcc.a(_exit.o)
 .data          0x0000000000800100        0x0 /usr/lib/gcc/avr/4.8.2/../../../avr/lib/avr51/libm.a(cmpsf2.o)
 .data          0x0000000000800100        0x0 /usr/lib/gcc/avr/4.8.2/../../../avr/lib/avr51/libm.a(fixunssfsi.o)
 .data          0x0000000000800100        0x0 /usr/lib/gcc/avr/4.8.2/../../../avr/lib/avr51/libm.a(fp_cmp.o)
 .data          0x0000000000800100        0x0 /usr/lib/gcc/avr/4.8.2/../../../avr/lib/avr51/libm.a(fp_split3.o)
 .data          0x0000000000800100        0x0 /usr/lib/gcc/avr/4.8.2/../../../avr/lib/avr51/libm.a(fp_zero.o)
 .data          0x0000000000800100        0x0 /usr/lib/gcc/avr/4.8.2/../../../avr/lib/avr51/libm.a(gesf2.o)
 .data          0x0000000000800100        0x0 /usr/lib/gcc/avr/4.8.2/../../../avr/lib/avr51/libm.a(mulsf3.o)
 .data          0x0000000000800100        0x0 /usr/lib/gcc/avr/4.8.2/../../../avr/lib/avr51/libm.a(mulsf3x.o)
 .data          0x0000000000800100        0x0 /usr/lib/gcc/avr/4.8.2/../../../avr/lib/avr51/libm.a(fp_inf.o)
 .data          0x0000000000800100        0x0 /usr/lib/gcc/avr/4.8.2/../../../avr/lib/avr51/libm.a(fp_nan.o)
 .data          0x0000000000800100        0x0 /usr/lib/gcc/avr/4.8.2/../../../avr/lib/avr51/libm.a(fp_pscA.o)
 .data          0x0000000000800100        0x0 /usr/lib/gcc/avr/4.8.2/../../../avr/lib/avr51/libm.a(fp_pscB.o)
 .data          0x0000000000800100        0x0 /usr/lib/gcc/avr/4.8.2/../../../avr/lib/avr51/libm.a(fp_round.o)
 *(.data*)
 *(.rodata)
 *(.rodata*)
 *(.gnu.linkonce.d*)
                0x0000000000800100                . = ALIGN (0x2)
                0x0000000000800100                _edata = .
                0x0000000000800100                PROVIDE (__data_end, .)

.bss            0x0000000000800100        0x0
                0x0000000000800100                PROVIDE (__bss_start, .)
 *(.bss)
 .bss           0x0000000000800100        0x0 /usr/lib/gcc/avr/4.8.2/../../../avr/lib/avr51/crtm128.o
 .bss           0x0000000000800100        0x0 ./main.o
 .bss           0x0000000000800100        0x0 /usr/lib/gcc/avr/4.8.2/avr51/libgcc.a(_exit.o)
 .bss           0x0000000000800100        0x0 /usr/lib/gcc/avr/4.8.2/../../../avr/lib/avr51/libm.a(cmpsf2.o)
 .bss           0x0000000000800100        0x0 /usr/lib/gcc/avr/4.8.2/../../../avr/lib/avr51/libm.a(fixunssfsi.o)
 .bss           0x0000000000800100        0x0 /usr/lib/gcc/avr/4.8.2/../../../avr/lib/avr51/libm.a(fp_cmp.o)
 .bss           0x0000000000800100        0x0 /usr/lib/gcc/avr/4.8.2/../../../avr/lib/avr51/libm.a(fp_split3.o)
 .bss           0x0000000000800100        0x0 /usr/lib/gcc/avr/4.8.2/../../../avr/lib/avr51/libm.a(fp_zero.o)
 .bss           0x0000000000800100        0x0 /usr/lib/gcc/avr/4.8.2/../../../avr/lib/avr51/libm.a(gesf2.o)
 .bss           0x0000000000800100        0x0 /usr/lib/gcc/avr/4.8.2/../../../avr/lib/avr51/libm.a(mulsf3.o)
 .bss           0x0000000000800100        0x0 /usr/lib/gcc/avr/4.8.2/../../../avr/lib/avr51/libm.a(mulsf3x.o)
 .bss           0x0000000000800100        0x0 /usr/lib/gcc/avr/4.8.2/../../../avr/lib/avr51/libm.a(fp_inf.o)
 .bss           0x0000000000800100        0x0 /usr/lib/gcc/avr/4.8.2/../../../avr/lib/avr51/libm.a(fp_nan.o)
 .bss           0x0000000000800100        0x0 /usr/lib/gcc/avr/4.8.2/../../../avr/lib/avr51/libm.a(fp_pscA.o)
 .bss           0x0000000000800100        0x0 /usr/lib/gcc/avr/4.8.2/../../../avr/lib/avr51/libm.a(fp_pscB.o)
 .bss           0x0000000000800100        0x0 /usr/lib/gcc/avr/4.8.2/../../../avr/lib/avr51/libm.a(fp_round.o)
 *(.bss*)
 *(COMMON)
                0x0000000000800100                PROVIDE (__bss_end, .)
                0x0000000000000698                __data_load_start = LOADADDR (.data)
                0x0000000000000698                __data_load_end = (__data_load_start + SIZEOF (.data))

.noinit         0x0000000000800100        0x0
                0x0000000000800100                PROVIDE (__noinit_start, .)
 *(.noinit*)
                0x0000000000800100                PROVIDE (__noinit_end, .)
                0x0000000000800100                _end = .
                0x0000000000800100                PROVIDE (__heap_start, .)

.eeprom         0x0000000000810000        0x0
 *(.eeprom*)
                0x0000000000810000                __eeprom_end = .

.fuse
 *(.fuse)
 *(.lfuse)
 *(.hfuse)
 *(.efuse)

.lock
 *(.lock*)

.signature
 *(.signature*)

.user_signatures
 *(.user_signatures*)

.stab           0x0000000000000000     0x1de8
 *(.stab)
 .stab          0x0000000000000000      0x6cc /usr/lib/gcc/avr/4.8.2/../../../avr/lib/avr51/crtm128.o
 .stab          0x00000000000006cc      0x7b0 ./main.o
                                        0x7bc (size before relaxing)
 .stab          0x0000000000000e7c       0x90 /usr/lib/gcc/avr/4.8.2/../../../avr/lib/avr51/libm.a(cmpsf2.o)
                                         0x9c (size before relaxing)
 .stab          0x0000000000000f0c      0x240 /usr/lib/gcc/avr/4.8.2/../../../avr/lib/avr51/libm.a(fixunssfsi.o)
                                        0x24c (size before relaxing)
 .stab          0x000000000000114c      0x1e0 /usr/lib/gcc/avr/4.8.2/../../../avr/lib/avr51/libm.a(fp_cmp.o)
                                        0x1ec (size before relaxing)
 .stab          0x000000000000132c      0x1d4 /usr/lib/gcc/avr/4.8.2/../../../avr/lib/avr51/libm.a(fp_split3.o)
                                        0x1e0 (size before relaxing)
 .stab          0x0000000000001500       0x90 /usr/lib/gcc/avr/4.8.2/../../../avr/lib/avr51/libm.a(fp_zero.o)
                                         0x9c (size before relaxing)
 .stab          0x0000000000001590       0x6c /usr/lib/gcc/avr/4.8.2/../../../avr/lib/avr51/libm.a(gesf2.o)
                                         0x78 (size before relaxing)
 .stab          0x00000000000015fc       0x48 /usr/lib/gcc/avr/4.8.2/../../../avr/lib/avr51/libm.a(mulsf3.o)
                                         0x54 (size before relaxing)
 .stab          0x0000000000001644      0x4d4 /usr/lib/gcc/avr/4.8.2/../../../avr/lib/avr51/libm.a(mulsf3x.o)
                                        0x4e0 (size before relaxing)
 .stab          0x0000000000001b18       0x78 /usr/lib/gcc/avr/4.8.2/../../../avr/lib/avr51/libm.a(fp_inf.o)
                                         0x84 (size before relaxing)
 .stab          0x0000000000001b90       0x54 /usr/lib/gcc/avr/4.8.2/../../../avr/lib/avr51/libm.a(fp_nan.o)
                                         0x60 (size before relaxing)
 .stab          0x0000000000001be4       0x84 /usr/lib/gcc/avr/4.8.2/../../../avr/lib/avr51/libm.a(fp_pscA.o)
                                         0x90 (size before relaxing)
 .stab          0x0000000000001c68       0x84 /usr/lib/gcc/avr/4.8.2/../../../avr/lib/avr51/libm.a(fp_pscB.o)
                                         0x90 (size before relaxing)
 .stab          0x0000000000001cec       0xfc /usr/lib/gcc/avr/4.8.2/../../../avr/lib/avr51/libm.a(fp_round.o)
                                        0x108 (size before relaxing)

.stabstr        0x0000000000000000      0xe25
 *(.stabstr)
 .stabstr       0x0000000000000000      0xe25 /usr/lib/gcc/avr/4.8.2/../../../avr/lib/avr51/crtm128.o

.stab.excl
 *(.stab.excl)

.stab.exclstr
 *(.stab.exclstr)

.stab.index
 *(.stab.index)

.stab.indexstr
 *(.stab.indexstr)

.comment        0x0000000000000000       0x11
 *(.comment)
 .comment       0x0000000000000000       0x11 ./main.o
                                         0x12 (size before relaxing)

.debug
 *(.debug)

.line
 *(.line)

.debug_srcinfo
 *(.debug_srcinfo)

.debug_sfnames
 *(.debug_sfnames)

.debug_aranges
 *(.debug_aranges)

.debug_pubnames
 *(.debug_pubnames)

.debug_info
 *(.debug_info)
 *(.gnu.linkonce.wi.*)

.debug_abbrev
 *(.debug_abbrev)

.debug_line
 *(.debug_line)

.debug_frame
 *(.debug_frame)

.debug_str
 *(.debug_str)

.debug_loc
 *(.debug_loc)

.debug_macinfo
 *(.debug_macinfo)

.debug_pubtypes
 *(.debug_pubtypes)

.debug_ranges
 *(.debug_ranges)

.debug_macro
 *(.debug_macro)
OUTPUT(BlinkingLED.elf elf32-avr)
LOAD linker stubs
